------------------------------------------------------------
TimeQuest Timing Analyzer Summary
------------------------------------------------------------

Type  : Slow 1200mV 85C Model Setup 'CLK'
Slack : -17.553
TNS   : -16312.345

Type  : Slow 1200mV 85C Model Setup 'frecuencyDivider:div|clk_temp'
Slack : -5.196
TNS   : -369.561

Type  : Slow 1200mV 85C Model Hold 'CLK'
Slack : -0.357
TNS   : -0.357

Type  : Slow 1200mV 85C Model Hold 'frecuencyDivider:div|clk_temp'
Slack : 0.373
TNS   : 0.000

Type  : Slow 1200mV 85C Model Minimum Pulse Width 'CLK'
Slack : -3.000
TNS   : -12745.540

Type  : Slow 1200mV 85C Model Minimum Pulse Width 'frecuencyDivider:div|clk_temp'
Slack : -1.500
TNS   : -151.500

Type  : Slow 1200mV 0C Model Setup 'CLK'
Slack : -15.868
TNS   : -14574.220

Type  : Slow 1200mV 0C Model Setup 'frecuencyDivider:div|clk_temp'
Slack : -4.664
TNS   : -326.206

Type  : Slow 1200mV 0C Model Hold 'CLK'
Slack : -0.317
TNS   : -0.317

Type  : Slow 1200mV 0C Model Hold 'frecuencyDivider:div|clk_temp'
Slack : 0.326
TNS   : 0.000

Type  : Slow 1200mV 0C Model Minimum Pulse Width 'CLK'
Slack : -3.000
TNS   : -12557.220

Type  : Slow 1200mV 0C Model Minimum Pulse Width 'frecuencyDivider:div|clk_temp'
Slack : -1.500
TNS   : -151.500

Type  : Fast 1200mV 0C Model Setup 'CLK'
Slack : -8.072
TNS   : -7196.039

Type  : Fast 1200mV 0C Model Setup 'frecuencyDivider:div|clk_temp'
Slack : -2.071
TNS   : -139.485

Type  : Fast 1200mV 0C Model Hold 'CLK'
Slack : -0.294
TNS   : -0.294

Type  : Fast 1200mV 0C Model Hold 'frecuencyDivider:div|clk_temp'
Slack : 0.166
TNS   : 0.000

Type  : Fast 1200mV 0C Model Minimum Pulse Width 'CLK'
Slack : -3.000
TNS   : -5455.495

Type  : Fast 1200mV 0C Model Minimum Pulse Width 'frecuencyDivider:div|clk_temp'
Slack : -1.000
TNS   : -101.000

------------------------------------------------------------
